// Jest Snapshot v1, https://goo.gl/fbAQLP

exports[`incorrect repository field should work 2`] = `
Array [
  Object {
    "correctRepositoryField": "https://github.com/Thinkmill/manypkg/tree/master/packages/no-repository-field",
    "currentRepositoryField": undefined,
    "type": "INCORRECT_REPOSITORY_FIELD",
    "workspace": Object {
      "config": Object {
        "name": "no-repository-field",
        "version": "1.0.0",
      },
      "dir": "/Users/mitchell/projects/manypkg/packages/cli/src/checks/__tests__/packages/no-repository-field",
      "name": "no-repository-field",
    },
  },
]
`;
